2026-07-16 17:10:31 - server - ERROR - [server.py:192] - [149f9c22] ERROR | POST /api/clockin/auth/register | Duration: 0.525s | Error: [TypeError("'ObjectId' object is not iterable"), TypeError('vars() argument must have __dict__ attribute')]
Traceback (most recent call last):
  File "C:\Users\ELCOT\AppData\Local\Programs\Python\Python313\Lib\site-packages\fastapi\encoders.py", line 322, in jsonable_encoder
    data = dict(obj)
TypeError: 'ObjectId' object is not iterable

During handling of the above exception, another exception occurred:

Traceback (most recent call last):
  File "C:\Users\ELCOT\AppData\Local\Programs\Python\Python313\Lib\site-packages\fastapi\encoders.py", line 327, in jsonable_encoder
    data = vars(obj)
TypeError: vars() argument must have __dict__ attribute

The above exception was the direct cause of the following exception:

Traceback (most recent call last):
  File "C:\Users\ELCOT\Documents\dev\BhuFix\backend\server.py", line 178, in dispatch
    response = await call_next(request)
               ^^^^^^^^^^^^^^^^^^^^^^^^
  File "C:\Users\ELCOT\AppData\Local\Programs\Python\Python313\Lib\site-packages\starlette\middleware\base.py", line 165, in call_next
    raise app_exc
  File "C:\Users\ELCOT\AppData\Local\Programs\Python\Python313\Lib\site-packages\starlette\middleware\base.py", line 151, in coro
    await self.app(scope, receive_or_disconnect, send_no_error)
  File "C:\Users\ELCOT\AppData\Local\Programs\Python\Python313\Lib\site-packages\starlette\middleware\cors.py", line 93, in __call__
    await self.simple_response(scope, receive, send, request_headers=headers)
  File "C:\Users\ELCOT\AppData\Local\Programs\Python\Python313\Lib\site-packages\starlette\middleware\cors.py", line 148, in simple_response
    await self.app(scope, receive, send)
  File "C:\Users\ELCOT\AppData\Local\Programs\Python\Python313\Lib\site-packages\starlette\middleware\base.py", line 189, in __call__
    with collapse_excgroups():
         ~~~~~~~~~~~~~~~~~~^^
  File "C:\Users\ELCOT\AppData\Local\Programs\Python\Python313\Lib\contextlib.py", line 162, in __exit__
    self.gen.throw(value)
    ~~~~~~~~~~~~~~^^^^^^^
  File "C:\Users\ELCOT\AppData\Local\Programs\Python\Python313\Lib\site-packages\starlette\_utils.py", line 93, in collapse_excgroups
    raise exc
  File "C:\Users\ELCOT\AppData\Local\Programs\Python\Python313\Lib\site-packages\starlette\middleware\base.py", line 191, in __call__
    response = await self.dispatch_func(request, call_next)
               ^^^^^^^^^^^^^^^^^^^^^^^^^^^^^^^^^^^^^^^^^^^^
  File "C:\Users\ELCOT\Documents\dev\BhuFix\backend\server.py", line 223, in dispatch
    response = await call_next(request)
               ^^^^^^^^^^^^^^^^^^^^^^^^
  File "C:\Users\ELCOT\AppData\Local\Programs\Python\Python313\Lib\site-packages\starlette\middleware\base.py", line 165, in call_next
    raise app_exc
  File "C:\Users\ELCOT\AppData\Local\Programs\Python\Python313\Lib\site-packages\starlette\middleware\base.py", line 151, in coro
    await self.app(scope, receive_or_disconnect, send_no_error)
  File "C:\Users\ELCOT\AppData\Local\Programs\Python\Python313\Lib\site-packages\starlette\middleware\exceptions.py", line 65, in __call__
    await wrap_app_handling_exceptions(self.app, conn)(scope, receive, send)
  File "C:\Users\ELCOT\AppData\Local\Programs\Python\Python313\Lib\site-packages\starlette\_exception_handler.py", line 64, in wrapped_app
    raise exc
  File "C:\Users\ELCOT\AppData\Local\Programs\Python\Python313\Lib\site-packages\starlette\_exception_handler.py", line 53, in wrapped_app
    await app(scope, receive, sender)
  File "C:\Users\ELCOT\AppData\Local\Programs\Python\Python313\Lib\site-packages\starlette\routing.py", line 756, in __call__
    await self.middleware_stack(scope, receive, send)
  File "C:\Users\ELCOT\AppData\Local\Programs\Python\Python313\Lib\site-packages\starlette\routing.py", line 776, in app
    await route.handle(scope, receive, send)
  File "C:\Users\ELCOT\AppData\Local\Programs\Python\Python313\Lib\site-packages\starlette\routing.py", line 297, in handle
    await self.app(scope, receive, send)
  File "C:\Users\ELCOT\AppData\Local\Programs\Python\Python313\Lib\site-packages\starlette\routing.py", line 77, in app
    await wrap_app_handling_exceptions(app, request)(scope, receive, send)
  File "C:\Users\ELCOT\AppData\Local\Programs\Python\Python313\Lib\site-packages\starlette\_exception_handler.py", line 64, in wrapped_app
    raise exc
  File "C:\Users\ELCOT\AppData\Local\Programs\Python\Python313\Lib\site-packages\starlette\_exception_handler.py", line 53, in wrapped_app
    await app(scope, receive, sender)
  File "C:\Users\ELCOT\AppData\Local\Programs\Python\Python313\Lib\site-packages\starlette\routing.py", line 72, in app
    response = await func(request)
               ^^^^^^^^^^^^^^^^^^^
  File "C:\Users\ELCOT\AppData\Local\Programs\Python\Python313\Lib\site-packages\fastapi\routing.py", line 296, in app
    content = await serialize_response(
              ^^^^^^^^^^^^^^^^^^^^^^^^^
    ...<9 lines>...
    )
    ^
  File "C:\Users\ELCOT\AppData\Local\Programs\Python\Python313\Lib\site-packages\fastapi\routing.py", line 180, in serialize_response
    return jsonable_encoder(response_content)
  File "C:\Users\ELCOT\AppData\Local\Programs\Python\Python313\Lib\site-packages\fastapi\encoders.py", line 287, in jsonable_encoder
    encoded_value = jsonable_encoder(
        value,
    ...<4 lines>...
        sqlalchemy_safe=sqlalchemy_safe,
    )
  File "C:\Users\ELCOT\AppData\Local\Programs\Python\Python313\Lib\site-packages\fastapi\encoders.py", line 287, in jsonable_encoder
    encoded_value = jsonable_encoder(
        value,
    ...<4 lines>...
        sqlalchemy_safe=sqlalchemy_safe,
    )
  File "C:\Users\ELCOT\AppData\Local\Programs\Python\Python313\Lib\site-packages\fastapi\encoders.py", line 330, in jsonable_encoder
    raise ValueError(errors) from e
ValueError: [TypeError("'ObjectId' object is not iterable"), TypeError('vars() argument must have __dict__ attribute')]
2026-07-16 17:10:55 - server - ERROR - [server.py:192] - [f81b9476] ERROR | POST /api/clockin/auth/register | Duration: 0.615s | Error: [TypeError("'ObjectId' object is not iterable"), TypeError('vars() argument must have __dict__ attribute')]
Traceback (most recent call last):
  File "C:\Users\ELCOT\AppData\Local\Programs\Python\Python313\Lib\site-packages\fastapi\encoders.py", line 322, in jsonable_encoder
    data = dict(obj)
TypeError: 'ObjectId' object is not iterable

During handling of the above exception, another exception occurred:

Traceback (most recent call last):
  File "C:\Users\ELCOT\AppData\Local\Programs\Python\Python313\Lib\site-packages\fastapi\encoders.py", line 327, in jsonable_encoder
    data = vars(obj)
TypeError: vars() argument must have __dict__ attribute

The above exception was the direct cause of the following exception:

Traceback (most recent call last):
  File "C:\Users\ELCOT\Documents\dev\BhuFix\backend\server.py", line 178, in dispatch
    response = await call_next(request)
               ^^^^^^^^^^^^^^^^^^^^^^^^
  File "C:\Users\ELCOT\AppData\Local\Programs\Python\Python313\Lib\site-packages\starlette\middleware\base.py", line 165, in call_next
    raise app_exc
  File "C:\Users\ELCOT\AppData\Local\Programs\Python\Python313\Lib\site-packages\starlette\middleware\base.py", line 151, in coro
    await self.app(scope, receive_or_disconnect, send_no_error)
  File "C:\Users\ELCOT\AppData\Local\Programs\Python\Python313\Lib\site-packages\starlette\middleware\cors.py", line 93, in __call__
    await self.simple_response(scope, receive, send, request_headers=headers)
  File "C:\Users\ELCOT\AppData\Local\Programs\Python\Python313\Lib\site-packages\starlette\middleware\cors.py", line 148, in simple_response
    await self.app(scope, receive, send)
  File "C:\Users\ELCOT\AppData\Local\Programs\Python\Python313\Lib\site-packages\starlette\middleware\base.py", line 189, in __call__
    with collapse_excgroups():
         ~~~~~~~~~~~~~~~~~~^^
  File "C:\Users\ELCOT\AppData\Local\Programs\Python\Python313\Lib\contextlib.py", line 162, in __exit__
    self.gen.throw(value)
    ~~~~~~~~~~~~~~^^^^^^^
  File "C:\Users\ELCOT\AppData\Local\Programs\Python\Python313\Lib\site-packages\starlette\_utils.py", line 93, in collapse_excgroups
    raise exc
  File "C:\Users\ELCOT\AppData\Local\Programs\Python\Python313\Lib\site-packages\starlette\middleware\base.py", line 191, in __call__
    response = await self.dispatch_func(request, call_next)
               ^^^^^^^^^^^^^^^^^^^^^^^^^^^^^^^^^^^^^^^^^^^^
  File "C:\Users\ELCOT\Documents\dev\BhuFix\backend\server.py", line 223, in dispatch
    response = await call_next(request)
               ^^^^^^^^^^^^^^^^^^^^^^^^
  File "C:\Users\ELCOT\AppData\Local\Programs\Python\Python313\Lib\site-packages\starlette\middleware\base.py", line 165, in call_next
    raise app_exc
  File "C:\Users\ELCOT\AppData\Local\Programs\Python\Python313\Lib\site-packages\starlette\middleware\base.py", line 151, in coro
    await self.app(scope, receive_or_disconnect, send_no_error)
  File "C:\Users\ELCOT\AppData\Local\Programs\Python\Python313\Lib\site-packages\starlette\middleware\exceptions.py", line 65, in __call__
    await wrap_app_handling_exceptions(self.app, conn)(scope, receive, send)
  File "C:\Users\ELCOT\AppData\Local\Programs\Python\Python313\Lib\site-packages\starlette\_exception_handler.py", line 64, in wrapped_app
    raise exc
  File "C:\Users\ELCOT\AppData\Local\Programs\Python\Python313\Lib\site-packages\starlette\_exception_handler.py", line 53, in wrapped_app
    await app(scope, receive, sender)
  File "C:\Users\ELCOT\AppData\Local\Programs\Python\Python313\Lib\site-packages\starlette\routing.py", line 756, in __call__
    await self.middleware_stack(scope, receive, send)
  File "C:\Users\ELCOT\AppData\Local\Programs\Python\Python313\Lib\site-packages\starlette\routing.py", line 776, in app
    await route.handle(scope, receive, send)
  File "C:\Users\ELCOT\AppData\Local\Programs\Python\Python313\Lib\site-packages\starlette\routing.py", line 297, in handle
    await self.app(scope, receive, send)
  File "C:\Users\ELCOT\AppData\Local\Programs\Python\Python313\Lib\site-packages\starlette\routing.py", line 77, in app
    await wrap_app_handling_exceptions(app, request)(scope, receive, send)
  File "C:\Users\ELCOT\AppData\Local\Programs\Python\Python313\Lib\site-packages\starlette\_exception_handler.py", line 64, in wrapped_app
    raise exc
  File "C:\Users\ELCOT\AppData\Local\Programs\Python\Python313\Lib\site-packages\starlette\_exception_handler.py", line 53, in wrapped_app
    await app(scope, receive, sender)
  File "C:\Users\ELCOT\AppData\Local\Programs\Python\Python313\Lib\site-packages\starlette\routing.py", line 72, in app
    response = await func(request)
               ^^^^^^^^^^^^^^^^^^^
  File "C:\Users\ELCOT\AppData\Local\Programs\Python\Python313\Lib\site-packages\fastapi\routing.py", line 296, in app
    content = await serialize_response(
              ^^^^^^^^^^^^^^^^^^^^^^^^^
    ...<9 lines>...
    )
    ^
  File "C:\Users\ELCOT\AppData\Local\Programs\Python\Python313\Lib\site-packages\fastapi\routing.py", line 180, in serialize_response
    return jsonable_encoder(response_content)
  File "C:\Users\ELCOT\AppData\Local\Programs\Python\Python313\Lib\site-packages\fastapi\encoders.py", line 287, in jsonable_encoder
    encoded_value = jsonable_encoder(
        value,
    ...<4 lines>...
        sqlalchemy_safe=sqlalchemy_safe,
    )
  File "C:\Users\ELCOT\AppData\Local\Programs\Python\Python313\Lib\site-packages\fastapi\encoders.py", line 287, in jsonable_encoder
    encoded_value = jsonable_encoder(
        value,
    ...<4 lines>...
        sqlalchemy_safe=sqlalchemy_safe,
    )
  File "C:\Users\ELCOT\AppData\Local\Programs\Python\Python313\Lib\site-packages\fastapi\encoders.py", line 330, in jsonable_encoder
    raise ValueError(errors) from e
ValueError: [TypeError("'ObjectId' object is not iterable"), TypeError('vars() argument must have __dict__ attribute')]
2026-07-16 17:14:24 - server - ERROR - [server.py:192] - [9bd5cdd4] ERROR | POST /api/clockin/auth/register | Duration: 0.497s | Error: [TypeError("'ObjectId' object is not iterable"), TypeError('vars() argument must have __dict__ attribute')]
Traceback (most recent call last):
  File "C:\Users\ELCOT\AppData\Local\Programs\Python\Python313\Lib\site-packages\fastapi\encoders.py", line 322, in jsonable_encoder
    data = dict(obj)
TypeError: 'ObjectId' object is not iterable

During handling of the above exception, another exception occurred:

Traceback (most recent call last):
  File "C:\Users\ELCOT\AppData\Local\Programs\Python\Python313\Lib\site-packages\fastapi\encoders.py", line 327, in jsonable_encoder
    data = vars(obj)
TypeError: vars() argument must have __dict__ attribute

The above exception was the direct cause of the following exception:

Traceback (most recent call last):
  File "C:\Users\ELCOT\Documents\dev\BhuFix\backend\server.py", line 178, in dispatch
    response = await call_next(request)
               ^^^^^^^^^^^^^^^^^^^^^^^^
  File "C:\Users\ELCOT\AppData\Local\Programs\Python\Python313\Lib\site-packages\starlette\middleware\base.py", line 165, in call_next
    raise app_exc
  File "C:\Users\ELCOT\AppData\Local\Programs\Python\Python313\Lib\site-packages\starlette\middleware\base.py", line 151, in coro
    await self.app(scope, receive_or_disconnect, send_no_error)
  File "C:\Users\ELCOT\AppData\Local\Programs\Python\Python313\Lib\site-packages\starlette\middleware\cors.py", line 85, in __call__
    await self.app(scope, receive, send)
  File "C:\Users\ELCOT\AppData\Local\Programs\Python\Python313\Lib\site-packages\starlette\middleware\base.py", line 189, in __call__
    with collapse_excgroups():
         ~~~~~~~~~~~~~~~~~~^^
  File "C:\Users\ELCOT\AppData\Local\Programs\Python\Python313\Lib\contextlib.py", line 162, in __exit__
    self.gen.throw(value)
    ~~~~~~~~~~~~~~^^^^^^^
  File "C:\Users\ELCOT\AppData\Local\Programs\Python\Python313\Lib\site-packages\starlette\_utils.py", line 93, in collapse_excgroups
    raise exc
  File "C:\Users\ELCOT\AppData\Local\Programs\Python\Python313\Lib\site-packages\starlette\middleware\base.py", line 191, in __call__
    response = await self.dispatch_func(request, call_next)
               ^^^^^^^^^^^^^^^^^^^^^^^^^^^^^^^^^^^^^^^^^^^^
  File "C:\Users\ELCOT\Documents\dev\BhuFix\backend\server.py", line 223, in dispatch
    response = await call_next(request)
               ^^^^^^^^^^^^^^^^^^^^^^^^
  File "C:\Users\ELCOT\AppData\Local\Programs\Python\Python313\Lib\site-packages\starlette\middleware\base.py", line 165, in call_next
    raise app_exc
  File "C:\Users\ELCOT\AppData\Local\Programs\Python\Python313\Lib\site-packages\starlette\middleware\base.py", line 151, in coro
    await self.app(scope, receive_or_disconnect, send_no_error)
  File "C:\Users\ELCOT\AppData\Local\Programs\Python\Python313\Lib\site-packages\starlette\middleware\exceptions.py", line 65, in __call__
    await wrap_app_handling_exceptions(self.app, conn)(scope, receive, send)
  File "C:\Users\ELCOT\AppData\Local\Programs\Python\Python313\Lib\site-packages\starlette\_exception_handler.py", line 64, in wrapped_app
    raise exc
  File "C:\Users\ELCOT\AppData\Local\Programs\Python\Python313\Lib\site-packages\starlette\_exception_handler.py", line 53, in wrapped_app
    await app(scope, receive, sender)
  File "C:\Users\ELCOT\AppData\Local\Programs\Python\Python313\Lib\site-packages\starlette\routing.py", line 756, in __call__
    await self.middleware_stack(scope, receive, send)
  File "C:\Users\ELCOT\AppData\Local\Programs\Python\Python313\Lib\site-packages\starlette\routing.py", line 776, in app
    await route.handle(scope, receive, send)
  File "C:\Users\ELCOT\AppData\Local\Programs\Python\Python313\Lib\site-packages\starlette\routing.py", line 297, in handle
    await self.app(scope, receive, send)
  File "C:\Users\ELCOT\AppData\Local\Programs\Python\Python313\Lib\site-packages\starlette\routing.py", line 77, in app
    await wrap_app_handling_exceptions(app, request)(scope, receive, send)
  File "C:\Users\ELCOT\AppData\Local\Programs\Python\Python313\Lib\site-packages\starlette\_exception_handler.py", line 64, in wrapped_app
    raise exc
  File "C:\Users\ELCOT\AppData\Local\Programs\Python\Python313\Lib\site-packages\starlette\_exception_handler.py", line 53, in wrapped_app
    await app(scope, receive, sender)
  File "C:\Users\ELCOT\AppData\Local\Programs\Python\Python313\Lib\site-packages\starlette\routing.py", line 72, in app
    response = await func(request)
               ^^^^^^^^^^^^^^^^^^^
  File "C:\Users\ELCOT\AppData\Local\Programs\Python\Python313\Lib\site-packages\fastapi\routing.py", line 296, in app
    content = await serialize_response(
              ^^^^^^^^^^^^^^^^^^^^^^^^^
    ...<9 lines>...
    )
    ^
  File "C:\Users\ELCOT\AppData\Local\Programs\Python\Python313\Lib\site-packages\fastapi\routing.py", line 180, in serialize_response
    return jsonable_encoder(response_content)
  File "C:\Users\ELCOT\AppData\Local\Programs\Python\Python313\Lib\site-packages\fastapi\encoders.py", line 287, in jsonable_encoder
    encoded_value = jsonable_encoder(
        value,
    ...<4 lines>...
        sqlalchemy_safe=sqlalchemy_safe,
    )
  File "C:\Users\ELCOT\AppData\Local\Programs\Python\Python313\Lib\site-packages\fastapi\encoders.py", line 287, in jsonable_encoder
    encoded_value = jsonable_encoder(
        value,
    ...<4 lines>...
        sqlalchemy_safe=sqlalchemy_safe,
    )
  File "C:\Users\ELCOT\AppData\Local\Programs\Python\Python313\Lib\site-packages\fastapi\encoders.py", line 330, in jsonable_encoder
    raise ValueError(errors) from e
ValueError: [TypeError("'ObjectId' object is not iterable"), TypeError('vars() argument must have __dict__ attribute')]
2026-07-16 17:14:51 - server - ERROR - [server.py:192] - [2b027af4] ERROR | POST /api/clockin/auth/register | Duration: 0.601s | Error: [TypeError("'ObjectId' object is not iterable"), TypeError('vars() argument must have __dict__ attribute')]
Traceback (most recent call last):
  File "C:\Users\ELCOT\AppData\Local\Programs\Python\Python313\Lib\site-packages\fastapi\encoders.py", line 322, in jsonable_encoder
    data = dict(obj)
TypeError: 'ObjectId' object is not iterable

During handling of the above exception, another exception occurred:

Traceback (most recent call last):
  File "C:\Users\ELCOT\AppData\Local\Programs\Python\Python313\Lib\site-packages\fastapi\encoders.py", line 327, in jsonable_encoder
    data = vars(obj)
TypeError: vars() argument must have __dict__ attribute

The above exception was the direct cause of the following exception:

Traceback (most recent call last):
  File "C:\Users\ELCOT\Documents\dev\BhuFix\backend\server.py", line 178, in dispatch
    response = await call_next(request)
               ^^^^^^^^^^^^^^^^^^^^^^^^
  File "C:\Users\ELCOT\AppData\Local\Programs\Python\Python313\Lib\site-packages\starlette\middleware\base.py", line 165, in call_next
    raise app_exc
  File "C:\Users\ELCOT\AppData\Local\Programs\Python\Python313\Lib\site-packages\starlette\middleware\base.py", line 151, in coro
    await self.app(scope, receive_or_disconnect, send_no_error)
  File "C:\Users\ELCOT\AppData\Local\Programs\Python\Python313\Lib\site-packages\starlette\middleware\cors.py", line 85, in __call__
    await self.app(scope, receive, send)
  File "C:\Users\ELCOT\AppData\Local\Programs\Python\Python313\Lib\site-packages\starlette\middleware\base.py", line 189, in __call__
    with collapse_excgroups():
         ~~~~~~~~~~~~~~~~~~^^
  File "C:\Users\ELCOT\AppData\Local\Programs\Python\Python313\Lib\contextlib.py", line 162, in __exit__
    self.gen.throw(value)
    ~~~~~~~~~~~~~~^^^^^^^
  File "C:\Users\ELCOT\AppData\Local\Programs\Python\Python313\Lib\site-packages\starlette\_utils.py", line 93, in collapse_excgroups
    raise exc
  File "C:\Users\ELCOT\AppData\Local\Programs\Python\Python313\Lib\site-packages\starlette\middleware\base.py", line 191, in __call__
    response = await self.dispatch_func(request, call_next)
               ^^^^^^^^^^^^^^^^^^^^^^^^^^^^^^^^^^^^^^^^^^^^
  File "C:\Users\ELCOT\Documents\dev\BhuFix\backend\server.py", line 223, in dispatch
    response = await call_next(request)
               ^^^^^^^^^^^^^^^^^^^^^^^^
  File "C:\Users\ELCOT\AppData\Local\Programs\Python\Python313\Lib\site-packages\starlette\middleware\base.py", line 165, in call_next
    raise app_exc
  File "C:\Users\ELCOT\AppData\Local\Programs\Python\Python313\Lib\site-packages\starlette\middleware\base.py", line 151, in coro
    await self.app(scope, receive_or_disconnect, send_no_error)
  File "C:\Users\ELCOT\AppData\Local\Programs\Python\Python313\Lib\site-packages\starlette\middleware\exceptions.py", line 65, in __call__
    await wrap_app_handling_exceptions(self.app, conn)(scope, receive, send)
  File "C:\Users\ELCOT\AppData\Local\Programs\Python\Python313\Lib\site-packages\starlette\_exception_handler.py", line 64, in wrapped_app
    raise exc
  File "C:\Users\ELCOT\AppData\Local\Programs\Python\Python313\Lib\site-packages\starlette\_exception_handler.py", line 53, in wrapped_app
    await app(scope, receive, sender)
  File "C:\Users\ELCOT\AppData\Local\Programs\Python\Python313\Lib\site-packages\starlette\routing.py", line 756, in __call__
    await self.middleware_stack(scope, receive, send)
  File "C:\Users\ELCOT\AppData\Local\Programs\Python\Python313\Lib\site-packages\starlette\routing.py", line 776, in app
    await route.handle(scope, receive, send)
  File "C:\Users\ELCOT\AppData\Local\Programs\Python\Python313\Lib\site-packages\starlette\routing.py", line 297, in handle
    await self.app(scope, receive, send)
  File "C:\Users\ELCOT\AppData\Local\Programs\Python\Python313\Lib\site-packages\starlette\routing.py", line 77, in app
    await wrap_app_handling_exceptions(app, request)(scope, receive, send)
  File "C:\Users\ELCOT\AppData\Local\Programs\Python\Python313\Lib\site-packages\starlette\_exception_handler.py", line 64, in wrapped_app
    raise exc
  File "C:\Users\ELCOT\AppData\Local\Programs\Python\Python313\Lib\site-packages\starlette\_exception_handler.py", line 53, in wrapped_app
    await app(scope, receive, sender)
  File "C:\Users\ELCOT\AppData\Local\Programs\Python\Python313\Lib\site-packages\starlette\routing.py", line 72, in app
    response = await func(request)
               ^^^^^^^^^^^^^^^^^^^
  File "C:\Users\ELCOT\AppData\Local\Programs\Python\Python313\Lib\site-packages\fastapi\routing.py", line 296, in app
    content = await serialize_response(
              ^^^^^^^^^^^^^^^^^^^^^^^^^
    ...<9 lines>...
    )
    ^
  File "C:\Users\ELCOT\AppData\Local\Programs\Python\Python313\Lib\site-packages\fastapi\routing.py", line 180, in serialize_response
    return jsonable_encoder(response_content)
  File "C:\Users\ELCOT\AppData\Local\Programs\Python\Python313\Lib\site-packages\fastapi\encoders.py", line 287, in jsonable_encoder
    encoded_value = jsonable_encoder(
        value,
    ...<4 lines>...
        sqlalchemy_safe=sqlalchemy_safe,
    )
  File "C:\Users\ELCOT\AppData\Local\Programs\Python\Python313\Lib\site-packages\fastapi\encoders.py", line 287, in jsonable_encoder
    encoded_value = jsonable_encoder(
        value,
    ...<4 lines>...
        sqlalchemy_safe=sqlalchemy_safe,
    )
  File "C:\Users\ELCOT\AppData\Local\Programs\Python\Python313\Lib\site-packages\fastapi\encoders.py", line 330, in jsonable_encoder
    raise ValueError(errors) from e
ValueError: [TypeError("'ObjectId' object is not iterable"), TypeError('vars() argument must have __dict__ attribute')]
